
 Start  Stop   Length Name               Class

 00000H 02959H 0295AH _TEXT              CODE
 02960H 065B9H 03C5AH _BGI_TEXT          CODE
 065C0H 065C0H 00000H _FARDATA           FAR_DATA
 065C0H 065C0H 00000H _FARBSS            FAR_BSS
 065C0H 065C0H 00000H _OVERLAY_          OVRINFO
 065C0H 065C0H 00000H _1STUB_            STUBSEG
 065C0H 0BF53H 05994H _DATA              DATA
 0BF54H 0BF55H 00002H _CVTSEG            DATA
 0BF56H 0BF5BH 00006H _SCNSEG            DATA
 0BF5CH 0BF5CH 00000H GRAPH              DATA
 0BF5CH 0BF5CH 00000H _CONST             CONST
 0BF5CH 0BF67H 0000CH _INIT_             INITDATA
 0BF68H 0BF68H 00000H _INITEND_          INITDATA
 0BF68H 0BF68H 00000H _EXIT_             EXITDATA
 0BF68H 0BF68H 00000H _EXITEND_          EXITDATA
 0BF68H 0BFABH 00044H _BSS               BSS
 0BFACH 0BFACH 00000H _BSSEND            BSSEND
 0BFB0H 0C02FH 00080H _STACK             STACK

  Address         Publics by Name

 0296:188F       @DGROUP
 065C:0000       DATASEG@
 0000:028D       DGROUP@
 0000:05AC       F_LDIV@
 0000:05BB       F_LMOD@
 0000:05B3       F_LUDIV@
 0000:05C3       F_LUMOD@
 0000:0576       F_LXMUL@
 0000:058D       F_SCOPY@
 0000:05AC       LDIV@
 0000:05BB       LMOD@
 0000:05B3       LUDIV@
 0000:05C3       LUMOD@
 0000:0576       LXMUL@
 0000:05A9       N_LDIV@
 0000:05B8       N_LMOD@
 0000:05B0       N_LUDIV@
 0000:05C0       N_LUMOD@
 0000:0776       N_SCOPY@
 0000:058D       SCOPY@
 0000:0278       _abort
 0296:12FB       _arc
 0000:04C9       _atexit
 0296:1C68       _bar
 0296:1C8B       _bar3d
 0000:1469       _brk
 0296:1326       _circle
 0296:0EFD       _cleardevice
 0296:0FB3       _clearviewport
 0296:0E53       _closegraph
 0000:1485       _clrscr
 0000:15E1       _cprintf
 0296:0656       _detectgraph
 065C:594B       _directvideo
 0296:1C28       _drawpoly
 0296:1CCC       _ellipse
 0000:1F74       _eof
 065C:0094       _errno
 0000:053B       _exit
 0000:1FEB       _fflush
 0000:223B       _fgetc
 0000:22E6       _fgetchar
 0296:1CFC       _fillellipse
 0296:1C48       _fillpoly
 0296:1EEB       _floodfill
 0000:2068       _flushall
 0000:233C       _fputc
 0000:2461       _fputchar
 0000:1985       _free
 0000:20FD       _fseek
 0000:2161       _ftell
 0296:1D69       _getarccoords
 0296:1352       _getaspectratio
 0296:13FE       _getbkcolor
 0000:17C9       _getch
 0000:17E2       _getche
 0296:13ED       _getcolor
 0296:1DE9       _getdefaultpalette
 0296:10AF       _getdrivername
 0296:1264       _getfillpattern
 0296:1213       _getfillsettings
 0296:0DFE       _getgraphmode
 0296:209C       _getimage
 0296:115B       _getlinesettings
 0296:1DB3       _getmaxcolor
 0296:1E27       _getmaxmode
 0296:1089       _getmaxx
 0296:109C       _getmaxy
 0296:10D5       _getmodename
 0296:05B7       _getmoderange
 0296:14F8       _getpalette
 0296:1DCE       _getpalettesize
 0296:205B       _getpixel
 0000:1841       _gettext
 0296:15DB       _gettextsettings
 0296:0F94       _getviewsettings
 0296:106B       _getx
 0296:107A       _gety
 0296:0884       _graphdefaults
 0296:0193       _grapherrormsg
 0296:030D       _graphresult
 0296:1517       _imagesize
 0296:096A       _initgraph
 0296:0BDE       _installuserdriver
 0296:0CCC       _installuserfont
 0000:06A2       _isatty
 0000:18D6       _kbhit
 0296:1C05       _line
 0296:1120       _linerel
 0296:10F9       _lineto
 0000:074D       _lseek
 0000:0291       _main
 0000:1A54       _malloc
 0000:22EF       _memcpy
 0296:104B       _moverel
 0000:18E8       _movetext
 0296:1024       _moveto
 0296:15FA       _outtext
 0296:1F60       _outtextxy
 0296:1388       _pieslice
 0296:18D3       _postdevice
 0000:230E       _printf
 0000:1BFC       _putch
 0296:154C       _putimage
 0296:207C       _putpixel
 0000:1895       _puttext
 0000:1BAB       _realloc
 0296:11BD       _rectangle
 0296:03F3       _registerfarbgidriver
 0296:04AC       _registerfarbgifont
 0296:0E21       _restorecrtmode
 0000:1475       _sbrk
 0000:26CB       _scanf
 0296:1D39       _sector
 0296:19F7       _setactivepage
 0296:140F       _setallpalette
 0296:1370       _setaspectratio
 0296:13B3       _setbkcolor
 0296:1D92       _setcolor
 0296:1284       _setfillpattern
 0296:1230       _setfillstyle
 0296:0580       _setgraphbufsize
 0296:0D76       _setgraphmode
 0296:117A       _setlinestyle
 0296:14B5       _setpalette
 0296:1E62       _setrgbpalette
 0296:1648       _settextjustify
 0296:1689       _settextstyle
 0296:1858       _setusercharsize
 0000:26E9       _setvbuf
 0296:0F18       _setviewport
 0296:19D4       _setvisualpage
 0296:1A1D       _setwritemode
 0000:0E9B       _tell
 0296:187E       _textheight
 0296:200D       _textwidth
 0000:27B3       _ungetc
 0000:17FF       _ungetch
 0000:1F52       _wherex
 0000:1F61       _wherey
 0000:1000  Abs  __AHINCR
 0000:000C  Abs  __AHSHIFT
 065C:557E       __atexitcnt
 065C:59A8       __atexittbl
 0296:1AE1       __autodetect
 065C:5136       __backcolor
 065C:50B1       __BGI_ADD
 065C:4F14       __BGI_auto
 065C:4F10       __BGI_ovr
 065C:00A2       __brklvl
 065C:0084       __C0argc
 065C:0086       __C0argv
 0000:16B3       __c0crtinit
 065C:0088       __C0environ
 065C:5987       __cChar
 0000:055C       __cexit
 065C:5986       __cFlag
 0000:016F       __checknull
 0000:015C       __cleanup
 0000:14AE       __CPUTN
 0000:16D0       __crtinit
 065C:5580       __ctype
 0000:0000  Abs  __cvtfak
 0000:056A       __c_exit
 065C:50AD       __DDO_ADD
 065C:57F4       __doserrno
 0000:0690       __DOSERROR
 065C:57F6       __dosErrorToSV
 065C:5134       __drawcolor
 065C:008A       __envLng
 065C:008C       __envseg
 065C:008E       __envSize
 0000:054A       __exit
 065C:5682       __exitbuf
 065C:5684       __exitfopen
 065C:5686       __exitopen
 0000:222A       __fgetc
 065C:5135       __fillcolor
 065C:5138       __fillstyle
 065C:5988       __first
 065C:512C       __FON_ADD
 0000:2325       __fputc
 0000:2472       __FPUTN
 0000:181B       __graphexit
 0000:1827       __graphfreemem
 0000:1833       __graphgetmem
 0296:0329       __GraphNotInstalled
 0296:22C0       __GRP_ovr
 0296:1BB4       __gr_cleardevice
 0296:1B52       __gr_detectgraph
 065C:512A       __gr_ErrCode
 0296:1E06       __gr_getmodename
 0296:1A90       __gr_imagesize
 0296:1BE8       __gr_lineto
 0296:1BCB       __gr_moveto
 0296:20D9       __gr_putimage
 0296:1995       __gr_restorecrtmode
 0296:1EA7       __gr_setallpalette
 0296:1E43       __gr_setbkcolor
 0296:1A40       __gr_setfillpattern
 0296:1F30       __gr_setfillstyle
 0296:195F       __gr_setgraphmode
 0296:1EC2       __gr_setlinestyle
 0296:1E88       __gr_setpalette
 0296:1A73       __gr_settextjustify
 0296:1F96       __gr_settextstyle
 0296:1FE7       __gr_setusercharsize
 0296:1933       __gr_setviewport
 0296:203A       __gr_textheight
 065C:009E       __heapbase
 065C:57F2       __heaplen
 065C:00A6       __heaptop
 0296:1B8F       __initdevice
 0296:18EA       __installdevice
 065C:0074       __Int0Vector
 065C:0078       __Int4Vector
 065C:007C       __Int5Vector
 065C:0080       __Int6Vector
 0000:0657       __IOERROR
 065C:598A       __last
 065C:5137       __linestyle
 0000:06B3       __LONGTOA
 0000:028F       __MMODEL
 0000:223B       __Nfgetc
 065C:57C8       __nfile
 0000:17E2       __Ngetche
 0000:27B3       __Nungetc
 0000:17FF       __Nungetch
 065C:57CA       __openfd
 065C:0092       __osmajor
 065C:0093       __osminor
 065C:0092       __osversion
 065C:513F       __OverScanColor
 065C:0090       __psp
 0000:0792       __read
 0000:1C0F       __REALCVT
 065C:5994       __RealCvtVector
 0296:18EF       __reinstalldevice
 0000:01EC       __restorezero
 065C:598C       __rover
 0000:07BF       __scanner
 0000:1C1B       __scanpop
 0000:1C17       __scanrslt
 0000:1C13       __scantod
 065C:5996       __ScanTodVector
 0000:0C7F       __scantol
 0000:1D4B       __SCREENIO
 0000:1DEC       __SCROLL
 0000:0DFE       __setupio
 065C:0096       __StartTime
 065C:5130       __StatOfs
 065C:5132       __StatSeg
 065C:58D0       __stklen
 065C:5688       __streams
 0000:0197       __terminate
 0000:0000  Abs  __turboCrt
 0000:0730       __UTOA
 0000:1D87       __VALIDATEXY
 065C:0092       __version
 065C:593C       __video
 0000:162F       __VideoInt
 0000:0EC9       __VPRINTER
 0000:1377       __VPTR
 0000:139C       __VRAM
 0000:1F48       __wherexy
 0000:28FF       __write
 065C:593A       __wscroll
 0000:2939       __xfflush
 0000:1416       ___brk
 065C:009C       ___brklvl
 065C:009A       ___heapbase
 0296:0178       ___move
 0000:2603       ___read
 0000:1438       ___sbrk
 0000:27FB       ___write

  Address         Publics by Value

 0000:0000  Abs  __turboCrt
 0000:0000  Abs  __cvtfak
 0000:000C  Abs  __AHSHIFT
 0000:1000  Abs  __AHINCR
 0000:015C       __cleanup
 0000:016F       __checknull
 0000:0197       __terminate
 0000:01EC       __restorezero
 0000:0278       _abort
 0000:028D       DGROUP@
 0000:028F       __MMODEL
 0000:0291       _main
 0000:04C9       _atexit
 0000:053B       _exit
 0000:054A       __exit
 0000:055C       __cexit
 0000:056A       __c_exit
 0000:0576       F_LXMUL@
 0000:0576       LXMUL@
 0000:058D       F_SCOPY@
 0000:058D       SCOPY@
 0000:05A9       N_LDIV@
 0000:05AC       F_LDIV@
 0000:05AC       LDIV@
 0000:05B0       N_LUDIV@
 0000:05B3       F_LUDIV@
 0000:05B3       LUDIV@
 0000:05B8       N_LMOD@
 0000:05BB       F_LMOD@
 0000:05BB       LMOD@
 0000:05C0       N_LUMOD@
 0000:05C3       LUMOD@
 0000:05C3       F_LUMOD@
 0000:0657       __IOERROR
 0000:0690       __DOSERROR
 0000:06A2       _isatty
 0000:06B3       __LONGTOA
 0000:0730       __UTOA
 0000:074D       _lseek
 0000:0776       N_SCOPY@
 0000:0792       __read
 0000:07BF       __scanner
 0000:0C7F       __scantol
 0000:0DFE       __setupio
 0000:0E9B       _tell
 0000:0EC9       __VPRINTER
 0000:1377       __VPTR
 0000:139C       __VRAM
 0000:1416       ___brk
 0000:1438       ___sbrk
 0000:1469       _brk
 0000:1475       _sbrk
 0000:1485       _clrscr
 0000:14AE       __CPUTN
 0000:15E1       _cprintf
 0000:162F       __VideoInt
 0000:16B3       __c0crtinit
 0000:16D0       __crtinit
 0000:17C9       _getch
 0000:17E2       __Ngetche
 0000:17E2       _getche
 0000:17FF       __Nungetch
 0000:17FF       _ungetch
 0000:181B       __graphexit
 0000:1827       __graphfreemem
 0000:1833       __graphgetmem
 0000:1841       _gettext
 0000:1895       _puttext
 0000:18D6       _kbhit
 0000:18E8       _movetext
 0000:1985       _free
 0000:1A54       _malloc
 0000:1BAB       _realloc
 0000:1BFC       _putch
 0000:1C0F       __REALCVT
 0000:1C13       __scantod
 0000:1C17       __scanrslt
 0000:1C1B       __scanpop
 0000:1D4B       __SCREENIO
 0000:1D87       __VALIDATEXY
 0000:1DEC       __SCROLL
 0000:1F48       __wherexy
 0000:1F52       _wherex
 0000:1F61       _wherey
 0000:1F74       _eof
 0000:1FEB       _fflush
 0000:2068       _flushall
 0000:20FD       _fseek
 0000:2161       _ftell
 0000:222A       __fgetc
 0000:223B       __Nfgetc
 0000:223B       _fgetc
 0000:22E6       _fgetchar
 0000:22EF       _memcpy
 0000:230E       _printf
 0000:2325       __fputc
 0000:233C       _fputc
 0000:2461       _fputchar
 0000:2472       __FPUTN
 0000:2603       ___read
 0000:26CB       _scanf
 0000:26E9       _setvbuf
 0000:27B3       __Nungetc
 0000:27B3       _ungetc
 0000:27FB       ___write
 0000:28FF       __write
 0000:2939       __xfflush
 0296:0178       ___move
 0296:0193       _grapherrormsg
 0296:030D       _graphresult
 0296:0329       __GraphNotInstalled
 0296:03F3       _registerfarbgidriver
 0296:04AC       _registerfarbgifont
 0296:0580       _setgraphbufsize
 0296:05B7       _getmoderange
 0296:0656       _detectgraph
 0296:0884       _graphdefaults
 0296:096A       _initgraph
 0296:0BDE       _installuserdriver
 0296:0CCC       _installuserfont
 0296:0D76       _setgraphmode
 0296:0DFE       _getgraphmode
 0296:0E21       _restorecrtmode
 0296:0E53       _closegraph
 0296:0EFD       _cleardevice
 0296:0F18       _setviewport
 0296:0F94       _getviewsettings
 0296:0FB3       _clearviewport
 0296:1024       _moveto
 0296:104B       _moverel
 0296:106B       _getx
 0296:107A       _gety
 0296:1089       _getmaxx
 0296:109C       _getmaxy
 0296:10AF       _getdrivername
 0296:10D5       _getmodename
 0296:10F9       _lineto
 0296:1120       _linerel
 0296:115B       _getlinesettings
 0296:117A       _setlinestyle
 0296:11BD       _rectangle
 0296:1213       _getfillsettings
 0296:1230       _setfillstyle
 0296:1264       _getfillpattern
 0296:1284       _setfillpattern
 0296:12FB       _arc
 0296:1326       _circle
 0296:1352       _getaspectratio
 0296:1370       _setaspectratio
 0296:1388       _pieslice
 0296:13B3       _setbkcolor
 0296:13ED       _getcolor
 0296:13FE       _getbkcolor
 0296:140F       _setallpalette
 0296:14B5       _setpalette
 0296:14F8       _getpalette
 0296:1517       _imagesize
 0296:154C       _putimage
 0296:15DB       _gettextsettings
 0296:15FA       _outtext
 0296:1648       _settextjustify
 0296:1689       _settextstyle
 0296:1858       _setusercharsize
 0296:187E       _textheight
 0296:188F       @DGROUP
 0296:18D3       _postdevice
 0296:18EA       __installdevice
 0296:18EF       __reinstalldevice
 0296:1933       __gr_setviewport
 0296:195F       __gr_setgraphmode
 0296:1995       __gr_restorecrtmode
 0296:19D4       _setvisualpage
 0296:19F7       _setactivepage
 0296:1A1D       _setwritemode
 0296:1A40       __gr_setfillpattern
 0296:1A73       __gr_settextjustify
 0296:1A90       __gr_imagesize
 0296:1AE1       __autodetect
 0296:1B52       __gr_detectgraph
 0296:1B8F       __initdevice
 0296:1BB4       __gr_cleardevice
 0296:1BCB       __gr_moveto
 0296:1BE8       __gr_lineto
 0296:1C05       _line
 0296:1C28       _drawpoly
 0296:1C48       _fillpoly
 0296:1C68       _bar
 0296:1C8B       _bar3d
 0296:1CCC       _ellipse
 0296:1CFC       _fillellipse
 0296:1D39       _sector
 0296:1D69       _getarccoords
 0296:1D92       _setcolor
 0296:1DB3       _getmaxcolor
 0296:1DCE       _getpalettesize
 0296:1DE9       _getdefaultpalette
 0296:1E06       __gr_getmodename
 0296:1E27       _getmaxmode
 0296:1E43       __gr_setbkcolor
 0296:1E62       _setrgbpalette
 0296:1E88       __gr_setpalette
 0296:1EA7       __gr_setallpalette
 0296:1EC2       __gr_setlinestyle
 0296:1EEB       _floodfill
 0296:1F30       __gr_setfillstyle
 0296:1F60       _outtextxy
 0296:1F96       __gr_settextstyle
 0296:1FE7       __gr_setusercharsize
 0296:200D       _textwidth
 0296:203A       __gr_textheight
 0296:205B       _getpixel
 0296:207C       _putpixel
 0296:209C       _getimage
 0296:20D9       __gr_putimage
 0296:22C0       __GRP_ovr
 065C:0000       DATASEG@
 065C:0074       __Int0Vector
 065C:0078       __Int4Vector
 065C:007C       __Int5Vector
 065C:0080       __Int6Vector
 065C:0084       __C0argc
 065C:0086       __C0argv
 065C:0088       __C0environ
 065C:008A       __envLng
 065C:008C       __envseg
 065C:008E       __envSize
 065C:0090       __psp
 065C:0092       __osversion
 065C:0092       __osmajor
 065C:0092       __version
 065C:0093       __osminor
 065C:0094       _errno
 065C:0096       __StartTime
 065C:009A       ___heapbase
 065C:009C       ___brklvl
 065C:009E       __heapbase
 065C:00A2       __brklvl
 065C:00A6       __heaptop
 065C:4F10       __BGI_ovr
 065C:4F14       __BGI_auto
 065C:50AD       __DDO_ADD
 065C:50B1       __BGI_ADD
 065C:512A       __gr_ErrCode
 065C:512C       __FON_ADD
 065C:5130       __StatOfs
 065C:5132       __StatSeg
 065C:5134       __drawcolor
 065C:5135       __fillcolor
 065C:5136       __backcolor
 065C:5137       __linestyle
 065C:5138       __fillstyle
 065C:513F       __OverScanColor
 065C:557E       __atexitcnt
 065C:5580       __ctype
 065C:5682       __exitbuf
 065C:5684       __exitfopen
 065C:5686       __exitopen
 065C:5688       __streams
 065C:57C8       __nfile
 065C:57CA       __openfd
 065C:57F2       __heaplen
 065C:57F4       __doserrno
 065C:57F6       __dosErrorToSV
 065C:58D0       __stklen
 065C:593A       __wscroll
 065C:593C       __video
 065C:594B       _directvideo
 065C:5986       __cFlag
 065C:5987       __cChar
 065C:5988       __first
 065C:598A       __last
 065C:598C       __rover
 065C:5994       __RealCvtVector
 065C:5996       __ScanTodVector
 065C:59A8       __atexittbl

Program entry point at 0000:0000

