
 Start  Stop   Length Name               Class

 00000H 02927H 02928H _TEXT              CODE
 02930H 06589H 03C5AH _BGI_TEXT          CODE
 06590H 06590H 00000H _FARDATA           FAR_DATA
 06590H 06590H 00000H _FARBSS            FAR_BSS
 06590H 06590H 00000H _OVERLAY_          OVRINFO
 06590H 06590H 00000H _1STUB_            STUBSEG
 06590H 072E7H 00D58H _DATA              DATA
 072E8H 072E9H 00002H _CVTSEG            DATA
 072EAH 072EFH 00006H _SCNSEG            DATA
 072F0H 072F0H 00000H GRAPH              DATA
 072F0H 072F0H 00000H _CONST             CONST
 072F0H 072FBH 0000CH _INIT_             INITDATA
 072FCH 072FCH 00000H _INITEND_          INITDATA
 072FCH 072FCH 00000H _EXIT_             EXITDATA
 072FCH 072FCH 00000H _EXITEND_          EXITDATA
 072FCH 0733FH 00044H _BSS               BSS
 07340H 07340H 00000H _BSSEND            BSSEND
 07340H 073BFH 00080H _STACK             STACK

  Address         Publics by Name

 0293:188F       @DGROUP
 0659:0000       DATASEG@
 0000:028D       DGROUP@
 0000:053D       F_LDIV@
 0000:054C       F_LMOD@
 0000:0544       F_LUDIV@
 0000:0554       F_LUMOD@
 0000:0507       F_LXMUL@
 0000:051E       F_SCOPY@
 0000:053D       LDIV@
 0000:054C       LMOD@
 0000:0544       LUDIV@
 0000:0554       LUMOD@
 0000:0507       LXMUL@
 0000:053A       N_LDIV@
 0000:0549       N_LMOD@
 0000:0541       N_LUDIV@
 0000:0551       N_LUMOD@
 0000:051E       SCOPY@
 0000:0278       _abort
 0293:12FB       _arc
 0000:045A       _atexit
 0293:1C68       _bar
 0293:1C8B       _bar3d
 0000:13DE       _brk
 0293:1326       _circle
 0293:0EFD       _cleardevice
 0293:0FB3       _clearviewport
 0293:0E53       _closegraph
 0000:13FA       _clrscr
 0000:1556       _cprintf
 0293:0656       _detectgraph
 0659:0D0F       _directvideo
 0293:1C28       _drawpoly
 0293:1CCC       _ellipse
 0000:1EE9       _eof
 0659:0094       _errno
 0000:04CC       _exit
 0000:1F60       _fflush
 0000:21B0       _fgetc
 0000:225B       _fgetchar
 0293:1CFC       _fillellipse
 0293:1C48       _fillpoly
 0293:1EEB       _floodfill
 0000:1FDD       _flushall
 0000:230A       _fputc
 0000:242F       _fputchar
 0000:18FA       _free
 0000:2072       _fseek
 0000:20D6       _ftell
 0293:1D69       _getarccoords
 0293:1352       _getaspectratio
 0293:13FE       _getbkcolor
 0000:173E       _getch
 0000:1757       _getche
 0293:13ED       _getcolor
 0293:1DE9       _getdefaultpalette
 0293:10AF       _getdrivername
 0293:1264       _getfillpattern
 0293:1213       _getfillsettings
 0293:0DFE       _getgraphmode
 0293:209C       _getimage
 0293:115B       _getlinesettings
 0293:1DB3       _getmaxcolor
 0293:1E27       _getmaxmode
 0293:1089       _getmaxx
 0293:109C       _getmaxy
 0293:10D5       _getmodename
 0293:05B7       _getmoderange
 0293:14F8       _getpalette
 0293:1DCE       _getpalettesize
 0293:205B       _getpixel
 0000:2264       _gets
 0000:17B6       _gettext
 0293:15DB       _gettextsettings
 0293:0F94       _getviewsettings
 0293:106B       _getx
 0293:107A       _gety
 0293:0884       _graphdefaults
 0293:0193       _grapherrormsg
 0293:030D       _graphresult
 0293:1517       _imagesize
 0293:096A       _initgraph
 0293:0BDE       _installuserdriver
 0293:0CCC       _installuserfont
 0000:0633       _isatty
 0000:184B       _kbhit
 0293:1C05       _line
 0293:1120       _linerel
 0293:10F9       _lineto
 0000:06DE       _lseek
 0000:0291       _main
 0000:19C9       _malloc
 0000:22BD       _memcpy
 0293:104B       _moverel
 0000:185D       _movetext
 0293:1024       _moveto
 0293:15FA       _outtext
 0293:1F60       _outtextxy
 0293:1388       _pieslice
 0293:18D3       _postdevice
 0000:22DC       _printf
 0000:1B71       _putch
 0293:154C       _putimage
 0293:207C       _putpixel
 0000:180A       _puttext
 0000:1B20       _realloc
 0293:11BD       _rectangle
 0293:03F3       _registerfarbgidriver
 0293:04AC       _registerfarbgifont
 0293:0E21       _restorecrtmode
 0000:13EA       _sbrk
 0000:2699       _scanf
 0293:1D39       _sector
 0293:19F7       _setactivepage
 0293:140F       _setallpalette
 0293:1370       _setaspectratio
 0293:13B3       _setbkcolor
 0293:1D92       _setcolor
 0293:1284       _setfillpattern
 0293:1230       _setfillstyle
 0293:0580       _setgraphbufsize
 0293:0D76       _setgraphmode
 0293:117A       _setlinestyle
 0293:14B5       _setpalette
 0293:1E62       _setrgbpalette
 0293:1648       _settextjustify
 0293:1689       _settextstyle
 0293:1858       _setusercharsize
 0000:26B7       _setvbuf
 0293:0F18       _setviewport
 0293:19D4       _setvisualpage
 0293:1A1D       _setwritemode
 0000:0E10       _tell
 0293:187E       _textheight
 0293:200D       _textwidth
 0000:2781       _ungetc
 0000:1774       _ungetch
 0000:1EC7       _wherex
 0000:1ED6       _wherey
 0000:1000  Abs  __AHINCR
 0000:000C  Abs  __AHSHIFT
 0659:0942       __atexitcnt
 0659:0D6C       __atexittbl
 0293:1AE1       __autodetect
 0659:04FA       __backcolor
 0659:0475       __BGI_ADD
 0659:02D8       __BGI_auto
 0659:02D4       __BGI_ovr
 0659:00A2       __brklvl
 0659:0084       __C0argc
 0659:0086       __C0argv
 0000:1628       __c0crtinit
 0659:0088       __C0environ
 0659:0D4B       __cChar
 0000:04ED       __cexit
 0659:0D4A       __cFlag
 0000:016F       __checknull
 0000:015C       __cleanup
 0000:1423       __CPUTN
 0000:1645       __crtinit
 0659:0944       __ctype
 0000:0000  Abs  __cvtfak
 0000:04FB       __c_exit
 0659:0471       __DDO_ADD
 0659:0BB8       __doserrno
 0000:0621       __DOSERROR
 0659:0BBA       __dosErrorToSV
 0659:04F8       __drawcolor
 0659:008A       __envLng
 0659:008C       __envseg
 0659:008E       __envSize
 0000:04DB       __exit
 0659:0A46       __exitbuf
 0659:0A48       __exitfopen
 0659:0A4A       __exitopen
 0000:219F       __fgetc
 0659:04F9       __fillcolor
 0659:04FC       __fillstyle
 0659:0D4C       __first
 0659:04F0       __FON_ADD
 0000:22F3       __fputc
 0000:2440       __FPUTN
 0000:1790       __graphexit
 0000:179C       __graphfreemem
 0000:17A8       __graphgetmem
 0293:0329       __GraphNotInstalled
 0293:22C0       __GRP_ovr
 0293:1BB4       __gr_cleardevice
 0293:1B52       __gr_detectgraph
 0659:04EE       __gr_ErrCode
 0293:1E06       __gr_getmodename
 0293:1A90       __gr_imagesize
 0293:1BE8       __gr_lineto
 0293:1BCB       __gr_moveto
 0293:20D9       __gr_putimage
 0293:1995       __gr_restorecrtmode
 0293:1EA7       __gr_setallpalette
 0293:1E43       __gr_setbkcolor
 0293:1A40       __gr_setfillpattern
 0293:1F30       __gr_setfillstyle
 0293:195F       __gr_setgraphmode
 0293:1EC2       __gr_setlinestyle
 0293:1E88       __gr_setpalette
 0293:1A73       __gr_settextjustify
 0293:1F96       __gr_settextstyle
 0293:1FE7       __gr_setusercharsize
 0293:1933       __gr_setviewport
 0293:203A       __gr_textheight
 0659:009E       __heapbase
 0659:0BB6       __heaplen
 0659:00A6       __heaptop
 0293:1B8F       __initdevice
 0293:18EA       __installdevice
 0659:0074       __Int0Vector
 0659:0078       __Int4Vector
 0659:007C       __Int5Vector
 0659:0080       __Int6Vector
 0000:05E8       __IOERROR
 0659:0D4E       __last
 0659:04FB       __linestyle
 0000:0644       __LONGTOA
 0000:028F       __MMODEL
 0000:21B0       __Nfgetc
 0659:0B8C       __nfile
 0000:1757       __Ngetche
 0000:2781       __Nungetc
 0000:1774       __Nungetch
 0659:0B8E       __openfd
 0659:0092       __osmajor
 0659:0093       __osminor
 0659:0092       __osversion
 0659:0503       __OverScanColor
 0659:0090       __psp
 0000:0707       __read
 0000:1B84       __REALCVT
 0659:0D58       __RealCvtVector
 0293:18EF       __reinstalldevice
 0000:01EC       __restorezero
 0659:0D50       __rover
 0000:0734       __scanner
 0000:1B90       __scanpop
 0000:1B8C       __scanrslt
 0000:1B88       __scantod
 0659:0D5A       __ScanTodVector
 0000:0BF4       __scantol
 0000:1CC0       __SCREENIO
 0000:1D61       __SCROLL
 0000:0D73       __setupio
 0659:0096       __StartTime
 0659:04F4       __StatOfs
 0659:04F6       __StatSeg
 0659:0C94       __stklen
 0659:0A4C       __streams
 0000:0197       __terminate
 0000:0000  Abs  __turboCrt
 0000:06C1       __UTOA
 0000:1CFC       __VALIDATEXY
 0659:0092       __version
 0659:0D00       __video
 0000:15A4       __VideoInt
 0000:0E3E       __VPRINTER
 0000:12EC       __VPTR
 0000:1311       __VRAM
 0000:1EBD       __wherexy
 0000:28CD       __write
 0659:0CFE       __wscroll
 0000:2907       __xfflush
 0000:138B       ___brk
 0659:009C       ___brklvl
 0659:009A       ___heapbase
 0293:0178       ___move
 0000:25D1       ___read
 0000:13AD       ___sbrk
 0000:27C9       ___write

  Address         Publics by Value

 0000:0000  Abs  __turboCrt
 0000:0000  Abs  __cvtfak
 0000:000C  Abs  __AHSHIFT
 0000:1000  Abs  __AHINCR
 0000:015C       __cleanup
 0000:016F       __checknull
 0000:0197       __terminate
 0000:01EC       __restorezero
 0000:0278       _abort
 0000:028D       DGROUP@
 0000:028F       __MMODEL
 0000:0291       _main
 0000:045A       _atexit
 0000:04CC       _exit
 0000:04DB       __exit
 0000:04ED       __cexit
 0000:04FB       __c_exit
 0000:0507       F_LXMUL@
 0000:0507       LXMUL@
 0000:051E       F_SCOPY@
 0000:051E       SCOPY@
 0000:053A       N_LDIV@
 0000:053D       F_LDIV@
 0000:053D       LDIV@
 0000:0541       N_LUDIV@
 0000:0544       F_LUDIV@
 0000:0544       LUDIV@
 0000:0549       N_LMOD@
 0000:054C       F_LMOD@
 0000:054C       LMOD@
 0000:0551       N_LUMOD@
 0000:0554       LUMOD@
 0000:0554       F_LUMOD@
 0000:05E8       __IOERROR
 0000:0621       __DOSERROR
 0000:0633       _isatty
 0000:0644       __LONGTOA
 0000:06C1       __UTOA
 0000:06DE       _lseek
 0000:0707       __read
 0000:0734       __scanner
 0000:0BF4       __scantol
 0000:0D73       __setupio
 0000:0E10       _tell
 0000:0E3E       __VPRINTER
 0000:12EC       __VPTR
 0000:1311       __VRAM
 0000:138B       ___brk
 0000:13AD       ___sbrk
 0000:13DE       _brk
 0000:13EA       _sbrk
 0000:13FA       _clrscr
 0000:1423       __CPUTN
 0000:1556       _cprintf
 0000:15A4       __VideoInt
 0000:1628       __c0crtinit
 0000:1645       __crtinit
 0000:173E       _getch
 0000:1757       __Ngetche
 0000:1757       _getche
 0000:1774       __Nungetch
 0000:1774       _ungetch
 0000:1790       __graphexit
 0000:179C       __graphfreemem
 0000:17A8       __graphgetmem
 0000:17B6       _gettext
 0000:180A       _puttext
 0000:184B       _kbhit
 0000:185D       _movetext
 0000:18FA       _free
 0000:19C9       _malloc
 0000:1B20       _realloc
 0000:1B71       _putch
 0000:1B84       __REALCVT
 0000:1B88       __scantod
 0000:1B8C       __scanrslt
 0000:1B90       __scanpop
 0000:1CC0       __SCREENIO
 0000:1CFC       __VALIDATEXY
 0000:1D61       __SCROLL
 0000:1EBD       __wherexy
 0000:1EC7       _wherex
 0000:1ED6       _wherey
 0000:1EE9       _eof
 0000:1F60       _fflush
 0000:1FDD       _flushall
 0000:2072       _fseek
 0000:20D6       _ftell
 0000:219F       __fgetc
 0000:21B0       __Nfgetc
 0000:21B0       _fgetc
 0000:225B       _fgetchar
 0000:2264       _gets
 0000:22BD       _memcpy
 0000:22DC       _printf
 0000:22F3       __fputc
 0000:230A       _fputc
 0000:242F       _fputchar
 0000:2440       __FPUTN
 0000:25D1       ___read
 0000:2699       _scanf
 0000:26B7       _setvbuf
 0000:2781       __Nungetc
 0000:2781       _ungetc
 0000:27C9       ___write
 0000:28CD       __write
 0000:2907       __xfflush
 0293:0178       ___move
 0293:0193       _grapherrormsg
 0293:030D       _graphresult
 0293:0329       __GraphNotInstalled
 0293:03F3       _registerfarbgidriver
 0293:04AC       _registerfarbgifont
 0293:0580       _setgraphbufsize
 0293:05B7       _getmoderange
 0293:0656       _detectgraph
 0293:0884       _graphdefaults
 0293:096A       _initgraph
 0293:0BDE       _installuserdriver
 0293:0CCC       _installuserfont
 0293:0D76       _setgraphmode
 0293:0DFE       _getgraphmode
 0293:0E21       _restorecrtmode
 0293:0E53       _closegraph
 0293:0EFD       _cleardevice
 0293:0F18       _setviewport
 0293:0F94       _getviewsettings
 0293:0FB3       _clearviewport
 0293:1024       _moveto
 0293:104B       _moverel
 0293:106B       _getx
 0293:107A       _gety
 0293:1089       _getmaxx
 0293:109C       _getmaxy
 0293:10AF       _getdrivername
 0293:10D5       _getmodename
 0293:10F9       _lineto
 0293:1120       _linerel
 0293:115B       _getlinesettings
 0293:117A       _setlinestyle
 0293:11BD       _rectangle
 0293:1213       _getfillsettings
 0293:1230       _setfillstyle
 0293:1264       _getfillpattern
 0293:1284       _setfillpattern
 0293:12FB       _arc
 0293:1326       _circle
 0293:1352       _getaspectratio
 0293:1370       _setaspectratio
 0293:1388       _pieslice
 0293:13B3       _setbkcolor
 0293:13ED       _getcolor
 0293:13FE       _getbkcolor
 0293:140F       _setallpalette
 0293:14B5       _setpalette
 0293:14F8       _getpalette
 0293:1517       _imagesize
 0293:154C       _putimage
 0293:15DB       _gettextsettings
 0293:15FA       _outtext
 0293:1648       _settextjustify
 0293:1689       _settextstyle
 0293:1858       _setusercharsize
 0293:187E       _textheight
 0293:188F       @DGROUP
 0293:18D3       _postdevice
 0293:18EA       __installdevice
 0293:18EF       __reinstalldevice
 0293:1933       __gr_setviewport
 0293:195F       __gr_setgraphmode
 0293:1995       __gr_restorecrtmode
 0293:19D4       _setvisualpage
 0293:19F7       _setactivepage
 0293:1A1D       _setwritemode
 0293:1A40       __gr_setfillpattern
 0293:1A73       __gr_settextjustify
 0293:1A90       __gr_imagesize
 0293:1AE1       __autodetect
 0293:1B52       __gr_detectgraph
 0293:1B8F       __initdevice
 0293:1BB4       __gr_cleardevice
 0293:1BCB       __gr_moveto
 0293:1BE8       __gr_lineto
 0293:1C05       _line
 0293:1C28       _drawpoly
 0293:1C48       _fillpoly
 0293:1C68       _bar
 0293:1C8B       _bar3d
 0293:1CCC       _ellipse
 0293:1CFC       _fillellipse
 0293:1D39       _sector
 0293:1D69       _getarccoords
 0293:1D92       _setcolor
 0293:1DB3       _getmaxcolor
 0293:1DCE       _getpalettesize
 0293:1DE9       _getdefaultpalette
 0293:1E06       __gr_getmodename
 0293:1E27       _getmaxmode
 0293:1E43       __gr_setbkcolor
 0293:1E62       _setrgbpalette
 0293:1E88       __gr_setpalette
 0293:1EA7       __gr_setallpalette
 0293:1EC2       __gr_setlinestyle
 0293:1EEB       _floodfill
 0293:1F30       __gr_setfillstyle
 0293:1F60       _outtextxy
 0293:1F96       __gr_settextstyle
 0293:1FE7       __gr_setusercharsize
 0293:200D       _textwidth
 0293:203A       __gr_textheight
 0293:205B       _getpixel
 0293:207C       _putpixel
 0293:209C       _getimage
 0293:20D9       __gr_putimage
 0293:22C0       __GRP_ovr
 0659:0000       DATASEG@
 0659:0074       __Int0Vector
 0659:0078       __Int4Vector
 0659:007C       __Int5Vector
 0659:0080       __Int6Vector
 0659:0084       __C0argc
 0659:0086       __C0argv
 0659:0088       __C0environ
 0659:008A       __envLng
 0659:008C       __envseg
 0659:008E       __envSize
 0659:0090       __psp
 0659:0092       __osversion
 0659:0092       __osmajor
 0659:0092       __version
 0659:0093       __osminor
 0659:0094       _errno
 0659:0096       __StartTime
 0659:009A       ___heapbase
 0659:009C       ___brklvl
 0659:009E       __heapbase
 0659:00A2       __brklvl
 0659:00A6       __heaptop
 0659:02D4       __BGI_ovr
 0659:02D8       __BGI_auto
 0659:0471       __DDO_ADD
 0659:0475       __BGI_ADD
 0659:04EE       __gr_ErrCode
 0659:04F0       __FON_ADD
 0659:04F4       __StatOfs
 0659:04F6       __StatSeg
 0659:04F8       __drawcolor
 0659:04F9       __fillcolor
 0659:04FA       __backcolor
 0659:04FB       __linestyle
 0659:04FC       __fillstyle
 0659:0503       __OverScanColor
 0659:0942       __atexitcnt
 0659:0944       __ctype
 0659:0A46       __exitbuf
 0659:0A48       __exitfopen
 0659:0A4A       __exitopen
 0659:0A4C       __streams
 0659:0B8C       __nfile
 0659:0B8E       __openfd
 0659:0BB6       __heaplen
 0659:0BB8       __doserrno
 0659:0BBA       __dosErrorToSV
 0659:0C94       __stklen
 0659:0CFE       __wscroll
 0659:0D00       __video
 0659:0D0F       _directvideo
 0659:0D4A       __cFlag
 0659:0D4B       __cChar
 0659:0D4C       __first
 0659:0D4E       __last
 0659:0D50       __rover
 0659:0D58       __RealCvtVector
 0659:0D5A       __ScanTodVector
 0659:0D6C       __atexittbl

Program entry point at 0000:0000

